[0.770s] WARNING:colcon.colcon_core.package_augmentation.check_dependency_constraint:unitree_sdk2py depends on cyclonedds which has version 0.10.5 but expects it to be equal to 0.10.2
[0.774s] WARNING:colcon.colcon_core.prefix_path.colcon:The path '/home/aboba/vermilion/src/sensing/go2_dds_videostream/install' in the environment variable COLCON_PREFIX_PATH doesn't exist
[0.774s] WARNING:colcon.colcon_ros.prefix_path.ament:The path '/home/aboba/vermilion/install/go2_sdk_videostream' in the environment variable AMENT_PREFIX_PATH doesn't exist
[0.774s] WARNING:colcon.colcon_ros.prefix_path.ament:The path '/home/aboba/vermilion/install/go2_dds_videostream' in the environment variable AMENT_PREFIX_PATH doesn't exist
[0.774s] WARNING:colcon.colcon_ros.prefix_path.ament:The path '/home/aboba/vermilion/src/sensing/go2_dds_videostream/install/go2_dds_videostream' in the environment variable AMENT_PREFIX_PATH doesn't exist
[0.774s] WARNING:colcon.colcon_ros.prefix_path.ament:The path '/home/aboba/vermilion/install/yolo_detector' in the environment variable AMENT_PREFIX_PATH doesn't exist
[0.774s] WARNING:colcon.colcon_ros.prefix_path.ament:The path '/home/aboba/vermilion/install/unitree_ros2_example' in the environment variable AMENT_PREFIX_PATH doesn't exist
[0.775s] WARNING:colcon.colcon_ros.prefix_path.ament:The path '/home/aboba/vermilion/install/unitree_hg' in the environment variable AMENT_PREFIX_PATH doesn't exist
[0.775s] WARNING:colcon.colcon_ros.prefix_path.ament:The path '/home/aboba/vermilion/install/go2_video_converter' in the environment variable AMENT_PREFIX_PATH doesn't exist
[0.775s] WARNING:colcon.colcon_ros.prefix_path.ament:The path '/home/aboba/vermilion/install/unitree_go' in the environment variable AMENT_PREFIX_PATH doesn't exist
[0.775s] WARNING:colcon.colcon_ros.prefix_path.ament:The path '/home/aboba/vermilion/install/high_level_motion_controller' in the environment variable AMENT_PREFIX_PATH doesn't exist
[0.775s] WARNING:colcon.colcon_ros.prefix_path.ament:The path '/home/aboba/vermilion/install/unitree_api' in the environment variable AMENT_PREFIX_PATH doesn't exist
[0.775s] WARNING:colcon.colcon_ros.prefix_path.ament:The path '/home/aboba/vermilion/install/pc2_values_demonstrator' in the environment variable AMENT_PREFIX_PATH doesn't exist
[0.775s] WARNING:colcon.colcon_ros.prefix_path.ament:The path '/home/aboba/vermilion/install/odom_baselink_tf_publisher' in the environment variable AMENT_PREFIX_PATH doesn't exist
[0.775s] WARNING:colcon.colcon_ros.prefix_path.ament:The path '/home/aboba/vermilion/install/lidar_zero_points_filter' in the environment variable AMENT_PREFIX_PATH doesn't exist
[0.775s] WARNING:colcon.colcon_ros.prefix_path.ament:The path '/home/aboba/vermilion/install/lidar_points_to_baselink_transformer' in the environment variable AMENT_PREFIX_PATH doesn't exist
[0.775s] WARNING:colcon.colcon_ros.prefix_path.ament:The path '/home/aboba/vermilion/install/lidar_point_cloud_buffer' in the environment variable AMENT_PREFIX_PATH doesn't exist
[0.775s] WARNING:colcon.colcon_ros.prefix_path.ament:The path '/home/aboba/vermilion/install/go2_description' in the environment variable AMENT_PREFIX_PATH doesn't exist
[0.775s] WARNING:colcon.colcon_ros.prefix_path.ament:The path '/home/aboba/vermilion/install/general_launcher' in the environment variable AMENT_PREFIX_PATH doesn't exist
[0.775s] WARNING:colcon.colcon_ros.prefix_path.catkin:The path '/home/aboba/vermilion/install/unitree_ros2_example' in the environment variable CMAKE_PREFIX_PATH doesn't exist
[0.775s] WARNING:colcon.colcon_ros.prefix_path.catkin:The path '/home/aboba/vermilion/install/unitree_hg' in the environment variable CMAKE_PREFIX_PATH doesn't exist
[0.775s] WARNING:colcon.colcon_ros.prefix_path.catkin:The path '/home/aboba/vermilion/install/unitree_go' in the environment variable CMAKE_PREFIX_PATH doesn't exist
[0.775s] WARNING:colcon.colcon_ros.prefix_path.catkin:The path '/home/aboba/vermilion/install/high_level_motion_controller' in the environment variable CMAKE_PREFIX_PATH doesn't exist
[0.775s] WARNING:colcon.colcon_ros.prefix_path.catkin:The path '/home/aboba/vermilion/install/unitree_api' in the environment variable CMAKE_PREFIX_PATH doesn't exist
[0.775s] WARNING:colcon.colcon_ros.prefix_path.catkin:The path '/home/aboba/vermilion/install/pc2_values_demonstrator' in the environment variable CMAKE_PREFIX_PATH doesn't exist
[0.775s] WARNING:colcon.colcon_ros.prefix_path.catkin:The path '/home/aboba/vermilion/install/odom_baselink_tf_publisher' in the environment variable CMAKE_PREFIX_PATH doesn't exist
[0.775s] WARNING:colcon.colcon_ros.prefix_path.catkin:The path '/home/aboba/vermilion/install/lidar_zero_points_filter' in the environment variable CMAKE_PREFIX_PATH doesn't exist
[0.776s] WARNING:colcon.colcon_ros.prefix_path.catkin:The path '/home/aboba/vermilion/install/lidar_points_to_baselink_transformer' in the environment variable CMAKE_PREFIX_PATH doesn't exist
[0.776s] WARNING:colcon.colcon_ros.prefix_path.catkin:The path '/home/aboba/vermilion/install/lidar_point_cloud_buffer' in the environment variable CMAKE_PREFIX_PATH doesn't exist
[0.776s] WARNING:colcon.colcon_ros.prefix_path.catkin:The path '/home/aboba/vermilion/install/go2_description' in the environment variable CMAKE_PREFIX_PATH doesn't exist
[0.776s] WARNING:colcon.colcon_ros.prefix_path.catkin:The path '/home/aboba/vermilion/install/general_launcher' in the environment variable CMAKE_PREFIX_PATH doesn't exist
Starting >>> go2_sdk_videostream
Finished <<< go2_sdk_videostream [1.60s]

Summary: 1 package finished [2.34s]
